// Jest Snapshot v1, https://goo.gl/fbAQLP

exports[`Storyshots SpeedLimitStyle Behaviour 1`] = `
<View
  onLayout={[Function]}
  style={
    Array [
      Object {
        "backgroundColor": "#f0f0f0",
        "flex": 1,
      },
      Object {
        "paddingBottom": 0,
      },
    ]
  }
>
  <View
    style={
      Object {
        "flex": 1,
      }
    }
  >
    <RCTScrollView>
      <View>
        <View
          style={
            Object {
              "backgroundColor": "#eee",
            }
          }
        >
          <View
            style={
              Object {
                "borderBottomColor": "#e6e6e6",
                "borderBottomWidth": 1,
                "paddingBottom": 10,
                "paddingHorizontal": 10,
                "paddingTop": 20,
              }
            }
          >
            <View
              style={
                Object {
                  "borderTopColor": "#e6e6e6",
                  "borderTopWidth": 1,
                  "flexDirection": "row",
                  "left": 0,
                  "position": "absolute",
                  "right": 0,
                  "top": 0,
                }
              }
            >
              <Text
                style={
                  Object {
                    "color": "#666",
                    "fontSize": 10,
                    "paddingBottom": 2,
                    "paddingHorizontal": 4,
                  }
                }
              >
                Use Case
              </Text>
            </View>
            <View
              style={Object {}}
            >
              <Text
                style={
                  Object {
                    "color": "#3d3d3d",
                    "fontWeight": "600",
                  }
                }
              >
                The Speed Limit Sign
              </Text>
            </View>
            <Text
              style={
                Object {
                  "color": "#666",
                  "fontSize": 10,
                  "paddingTop": 0,
                }
              }
            >
              Use the speed limit sign to show numbers in an interesting way.
            </Text>
          </View>
          <View
            style={
              Object {
                "backgroundColor": "#fff",
                "padding": 10,
              }
            }
          >
            <View
              style={
                Object {
                  "flex": 1,
                  "flexDirection": "row",
                }
              }
            >
              <View
                style={
                  Object {
                    "margin": 10,
                    "width": 60,
                  }
                }
              >
                <View
                  style={
                    Object {
                      "alignItems": "center",
                      "borderColor": "#000000",
                      "borderRadius": 6,
                      "borderWidth": 2.5,
                      "flexDirection": "column-reverse",
                      "justifyContent": "center",
                      "padding": 2,
                    }
                  }
                >
                  <Text
                    style={
                      Object {
                        "color": "#000000",
                        "fontSize": 22,
                        "fontWeight": "bold",
                        "lineHeight": 23,
                        "margin": 0,
                        "padding": 0,
                        "textAlign": "center",
                      }
                    }
                  >
                    1
                  </Text>
                  <Text
                    style={
                      Object {
                        "color": "#000000",
                        "fontSize": 10,
                        "textAlign": "center",
                      }
                    }
                  >
                    MILES
                  </Text>
                </View>
              </View>
              <View
                style={
                  Object {
                    "margin": 10,
                    "width": 60,
                  }
                }
              >
                <View
                  style={
                    Object {
                      "alignItems": "center",
                      "borderColor": "#000000",
                      "borderRadius": 6,
                      "borderWidth": 2.5,
                      "flexDirection": "column-reverse",
                      "justifyContent": "center",
                      "padding": 2,
                    }
                  }
                >
                  <Text
                    style={
                      Object {
                        "color": "#000000",
                        "fontSize": 22,
                        "fontWeight": "bold",
                        "lineHeight": 23,
                        "margin": 0,
                        "padding": 0,
                        "textAlign": "center",
                      }
                    }
                  >
                    100
                  </Text>
                  <Text
                    style={
                      Object {
                        "color": "#000000",
                        "fontSize": 10,
                        "textAlign": "center",
                      }
                    }
                  >
                    MILES
                  </Text>
                </View>
              </View>
              <View
                style={
                  Object {
                    "margin": 10,
                    "width": 60,
                  }
                }
              >
                <View
                  style={
                    Object {
                      "alignItems": "center",
                      "borderColor": "#000000",
                      "borderRadius": 6,
                      "borderWidth": 2.5,
                      "flexDirection": "column-reverse",
                      "justifyContent": "center",
                      "padding": 2,
                    }
                  }
                >
                  <Text
                    style={
                      Object {
                        "color": "#000000",
                        "fontSize": 22,
                        "fontWeight": "bold",
                        "lineHeight": 23,
                        "margin": 0,
                        "padding": 0,
                        "textAlign": "center",
                      }
                    }
                  >
                    12
                  </Text>
                  <Text
                    style={
                      Object {
                        "color": "#000000",
                        "fontSize": 10,
                        "textAlign": "center",
                      }
                    }
                  >
                    MILES
                  </Text>
                </View>
              </View>
              <View
                style={
                  Object {
                    "margin": 10,
                    "width": 60,
                  }
                }
              >
                <View
                  style={
                    Object {
                      "alignItems": "center",
                      "borderColor": "#000000",
                      "borderRadius": 6,
                      "borderWidth": 2.5,
                      "flexDirection": "column-reverse",
                      "justifyContent": "center",
                      "padding": 2,
                    }
                  }
                >
                  <Text
                    style={
                      Object {
                        "color": "#000000",
                        "fontSize": 22,
                        "fontWeight": "bold",
                        "lineHeight": 23,
                        "margin": 0,
                        "padding": 0,
                        "textAlign": "center",
                      }
                    }
                  >
                    876543
                  </Text>
                  <Text
                    style={
                      Object {
                        "color": "#000000",
                        "fontSize": 10,
                        "textAlign": "center",
                      }
                    }
                  >
                    MILES
                  </Text>
                </View>
              </View>
            </View>
          </View>
        </View>
      </View>
    </RCTScrollView>
  </View>
</View>
`;
